---
source: tests/snapshots.rs
expression: text
---
\e[38;5;244m╭\e[0m \e[1mIdentity\e[0m \e[38;5;244m────────────────────────────────────────────────────────╮\e[0m
\e[38;5;244m│\e[0m \e[38;5;37mName\e[0m          \e[1m\e[38;5;252mApple M5\e[0m                                           \e[38;5;244m│\e[0m
\e[38;5;244m│\e[0m \e[38;5;37mVendor\e[0m        Apple                                              \e[38;5;244m│\e[0m
\e[38;5;244m│\e[0m \e[38;5;37mArchitecture\e[0m  arm64                                              \e[38;5;244m│\e[0m
\e[38;5;244m╰──────────────────────────────────────────────────────────────────╯\e[0m
\e[38;5;244m╭\e[0m \e[1mTopology\e[0m \e[38;5;244m────────────────────────────────────────────────────────╮\e[0m
\e[38;5;244m│\e[0m \e[38;5;37mCores\e[0m     \e[1m10\e[0m physical \e[38;5;244m·\e[0m \e[1m10\e[0m logical \e[38;5;244m·\e[0m no SMT                      \e[38;5;244m│\e[0m
\e[38;5;244m│\e[0m \e[38;5;37mClusters\e[0m  \e[1m4\e[0m \e[38;5;244m×\e[0m \e[1m\e[38;5;209mSuper\e[0m \e[38;5;244m·\e[0m \e[1m6\e[0m \e[38;5;244m×\e[0m \e[1m\e[38;5;71mEfficiency\e[0m                             \e[38;5;244m│\e[0m
\e[38;5;244m╰──────────────────────────────────────────────────────────────────╯\e[0m
\e[38;5;244m╭\e[0m \e[1mClocks\e[0m \e[38;5;244m─┬──────────┬─────────────────────────────────────────────╮\e[0m
\e[38;5;244m│\e[0m         \e[38;5;244m│\e[0m \e[1m\e[38;5;209mSuper\e[0m    \e[38;5;244m│\e[0m \e[1m\e[38;5;71mEfficiency\e[0m                                  \e[38;5;244m│\e[0m
\e[38;5;244m├─────────┼──────────┼─────────────────────────────────────────────┤\e[0m
\e[38;5;244m│\e[0m \e[38;5;37mMax\e[0m     \e[38;5;244m│\e[0m \e[1m4.46\e[0m \e[38;5;244mGHz\e[0m \e[38;5;244m│\e[0m \e[1m3.05\e[0m \e[38;5;244mGHz\e[0m                                    \e[38;5;244m│\e[0m
\e[38;5;244m╰─────────┴──────────┴─────────────────────────────────────────────╯\e[0m
\e[38;5;244m╭\e[0m \e[1mCache\e[0m \e[38;5;244m─┬──────────────────┬──────────────────────────────────────╮\e[0m
\e[38;5;244m│\e[0m \e[38;5;37mLevel\e[0m  \e[38;5;244m│\e[0m \e[1m\e[38;5;209mSuper\e[0m            \e[38;5;244m│\e[0m \e[1m\e[38;5;71mEfficiency\e[0m                           \e[38;5;244m│\e[0m
\e[38;5;244m├────────┼──────────────────┼──────────────────────────────────────┤\e[0m
\e[38;5;244m│\e[0m \e[1m\e[38;5;116mL1i\e[0m    \e[38;5;244m│\e[0m \e[1m192\e[0m \e[38;5;244mKiB\e[0m \e[38;5;244m/\e[0m core   \e[38;5;244m│\e[0m \e[1m128\e[0m \e[38;5;244mKiB\e[0m \e[38;5;244m/\e[0m core                       \e[38;5;244m│\e[0m
\e[38;5;244m│\e[0m \e[1m\e[38;5;116mL1d\e[0m    \e[38;5;244m│\e[0m \e[1m128\e[0m \e[38;5;244mKiB\e[0m \e[38;5;244m/\e[0m core   \e[38;5;244m│\e[0m \e[1m64\e[0m \e[38;5;244mKiB\e[0m \e[38;5;244m/\e[0m core                        \e[38;5;244m│\e[0m
\e[38;5;244m│\e[0m \e[1m\e[38;5;74mL2\e[0m     \e[38;5;244m│\e[0m \e[1m16\e[0m \e[38;5;244mMiB\e[0m \e[38;5;244m/\e[0m \e[1m4\e[0m cores \e[38;5;244m│\e[0m \e[1m6\e[0m \e[38;5;244mMiB\e[0m \e[38;5;244m/\e[0m \e[1m6\e[0m cores                      \e[38;5;244m│\e[0m
\e[38;5;244m╰────────┴──────────────────┴──────────────────────────────────────╯\e[0m
\e[38;5;244m╭\e[0m \e[1mFeatures\e[0m \e[38;5;244m────────────────────────────────────────────────────────╮\e[0m
\e[38;5;244m│\e[0m \e[38;5;37mSIMD\e[0m      \e[38;5;75mNEON\e[0m \e[38;5;244m·\e[0m \e[38;5;75mFP16\e[0m \e[38;5;244m·\e[0m \e[38;5;75mBF16\e[0m \e[38;5;244m·\e[0m \e[38;5;75mI8MM\e[0m \e[38;5;244m·\e[0m \e[38;5;75mDotProd\e[0m \e[38;5;244m·\e[0m \e[38;5;75mFHM\e[0m \e[38;5;244m·\e[0m \e[38;5;75mSME\e[0m \e[38;5;244m·\e[0m \e[38;5;75mSME2\e[0m \e[38;5;244m│\e[0m
\e[38;5;244m│\e[0m           \e[38;5;75mSME2.1\e[0m                                                 \e[38;5;244m│\e[0m
\e[38;5;244m│\e[0m \e[38;5;37mCrypto\e[0m    \e[38;5;179mAES\e[0m \e[38;5;244m·\e[0m \e[38;5;179mPMULL\e[0m \e[38;5;244m·\e[0m \e[38;5;179mSHA1\e[0m \e[38;5;244m·\e[0m \e[38;5;179mSHA256\e[0m \e[38;5;244m·\e[0m \e[38;5;179mSHA512\e[0m \e[38;5;244m·\e[0m \e[38;5;179mSHA3\e[0m \e[38;5;244m·\e[0m \e[38;5;179mCRC32\e[0m    \e[38;5;244m│\e[0m
\e[38;5;244m│\e[0m \e[38;5;37mSecurity\e[0m  \e[38;5;168mPAC\e[0m \e[38;5;244m·\e[0m \e[38;5;168mBTI\e[0m \e[38;5;244m·\e[0m \e[38;5;168mMTE\e[0m \e[38;5;244m·\e[0m \e[38;5;168mDIT\e[0m \e[38;5;244m·\e[0m \e[38;5;168mSB\e[0m \e[38;5;244m·\e[0m \e[38;5;168mCSV2\e[0m \e[38;5;244m·\e[0m \e[38;5;168mCSV3\e[0m               \e[38;5;244m│\e[0m
\e[38;5;244m│\e[0m \e[38;5;37mOther\e[0m     \e[38;5;246mLSE\e[0m \e[38;5;244m·\e[0m \e[38;5;246mLSE2\e[0m                                             \e[38;5;244m│\e[0m
\e[38;5;244m╰──────────────────────────────────────────────────────────────────╯\e[0m
