---
source: tests/snapshots.rs
expression: text
---
\e[38;5;244m╭\e[0m \e[1mIdentity\e[0m \e[38;5;244m────────────────────────────────────────────────────────────────╮\e[0m
\e[38;5;244m│\e[0m \e[38;5;37mName\e[0m          \e[1m\e[38;5;33m12th Gen Intel(R) Core(TM) i7-12700K\e[0m                       \e[38;5;244m│\e[0m
\e[38;5;244m│\e[0m \e[38;5;37mVendor\e[0m        Intel                                                      \e[38;5;244m│\e[0m
\e[38;5;244m│\e[0m \e[38;5;37mArchitecture\e[0m  x86_64                                                     \e[38;5;244m│\e[0m
\e[38;5;244m│\e[0m \e[38;5;37mMicrocode\e[0m     0x2f                                                       \e[38;5;244m│\e[0m
\e[38;5;244m╰──────────────────────────────────────────────────────────────────────────╯\e[0m
\e[38;5;244m╭\e[0m \e[1mTopology\e[0m \e[38;5;244m────────────────────────────────────────────────────────────────╮\e[0m
\e[38;5;244m│\e[0m \e[38;5;37mCores\e[0m     \e[1m12\e[0m physical \e[38;5;244m·\e[0m \e[1m20\e[0m logical                                       \e[38;5;244m│\e[0m
\e[38;5;244m│\e[0m \e[38;5;37mClusters\e[0m  \e[1m8\e[0m \e[38;5;244m×\e[0m \e[1m\e[38;5;209mPerformance\e[0m \e[38;5;244m·\e[0m \e[1m4\e[0m \e[38;5;244m×\e[0m \e[1m\e[38;5;71mEfficiency\e[0m                               \e[38;5;244m│\e[0m
\e[38;5;244m╰──────────────────────────────────────────────────────────────────────────╯\e[0m
\e[38;5;244m╭\e[0m \e[1mClocks\e[0m \e[38;5;244m─┬─────────────┬──────────────────────────────────────────────────╮\e[0m
\e[38;5;244m│\e[0m         \e[38;5;244m│\e[0m \e[1m\e[38;5;209mPerformance\e[0m \e[38;5;244m│\e[0m \e[1m\e[38;5;71mEfficiency\e[0m                                       \e[38;5;244m│\e[0m
\e[38;5;244m├─────────┼─────────────┼──────────────────────────────────────────────────┤\e[0m
\e[38;5;244m│\e[0m \e[38;5;37mBase\e[0m    \e[38;5;244m│\e[0m \e[1m3.60\e[0m \e[38;5;244mGHz\e[0m    \e[38;5;244m│\e[0m \e[1m2.70\e[0m \e[38;5;244mGHz\e[0m                                         \e[38;5;244m│\e[0m
\e[38;5;244m│\e[0m \e[38;5;37mMax\e[0m     \e[38;5;244m│\e[0m \e[1m5.00\e[0m \e[38;5;244mGHz\e[0m    \e[38;5;244m│\e[0m \e[1m3.80\e[0m \e[38;5;244mGHz\e[0m                                         \e[38;5;244m│\e[0m
\e[38;5;244m╰─────────┴─────────────┴──────────────────────────────────────────────────╯\e[0m
\e[38;5;244m╭\e[0m \e[1mCache\e[0m \e[38;5;244m─┬─────────────────┬───────────────────────────────────────────────╮\e[0m
\e[38;5;244m│\e[0m \e[38;5;37mLevel\e[0m  \e[38;5;244m│\e[0m \e[1m\e[38;5;209mPerformance\e[0m     \e[38;5;244m│\e[0m \e[1m\e[38;5;71mEfficiency\e[0m                                    \e[38;5;244m│\e[0m
\e[38;5;244m├────────┼─────────────────┼───────────────────────────────────────────────┤\e[0m
\e[38;5;244m│\e[0m \e[1m\e[38;5;116mL1i\e[0m    \e[38;5;244m│\e[0m \e[1m32\e[0m \e[38;5;244mKiB\e[0m \e[38;5;244m/\e[0m core   \e[38;5;244m│\e[0m \e[1m64\e[0m \e[38;5;244mKiB\e[0m \e[38;5;244m/\e[0m core                                 \e[38;5;244m│\e[0m
\e[38;5;244m│\e[0m \e[1m\e[38;5;116mL1d\e[0m    \e[38;5;244m│\e[0m \e[1m48\e[0m \e[38;5;244mKiB\e[0m \e[38;5;244m/\e[0m core   \e[38;5;244m│\e[0m \e[1m32\e[0m \e[38;5;244mKiB\e[0m \e[38;5;244m/\e[0m core                                 \e[38;5;244m│\e[0m
\e[38;5;244m│\e[0m \e[1m\e[38;5;74mL2\e[0m     \e[38;5;244m│\e[0m \e[1m1280\e[0m \e[38;5;244mKiB\e[0m \e[38;5;244m/\e[0m core \e[38;5;244m│\e[0m \e[1m2\e[0m \e[38;5;244mMiB\e[0m \e[38;5;244m/\e[0m \e[1m4\e[0m cores                               \e[38;5;244m│\e[0m
\e[38;5;244m│\e[0m \e[1m\e[38;5;68mL3\e[0m     \e[38;5;244m│\e[0m \e[1m25\e[0m \e[38;5;244mMiB\e[0m shared by all \e[1m12\e[0m cores                                   \e[38;5;244m│\e[0m
\e[38;5;244m╰────────┴─────────────────┴───────────────────────────────────────────────╯\e[0m
\e[38;5;244m╭\e[0m \e[1mFeatures\e[0m \e[38;5;244m────────────────────────────────────────────────────────────────╮\e[0m
\e[38;5;244m│\e[0m \e[38;5;37mSIMD\e[0m            \e[38;5;75mSSE4.2\e[0m \e[38;5;244m·\e[0m \e[38;5;75mAVX\e[0m \e[38;5;244m·\e[0m \e[38;5;75mAVX2\e[0m \e[38;5;244m·\e[0m \e[38;5;75mFMA\e[0m \e[38;5;244m·\e[0m \e[38;5;75mAVX-VNNI\e[0m                     \e[38;5;244m│\e[0m
\e[38;5;244m│\e[0m \e[38;5;37mCrypto\e[0m          \e[38;5;179mAES\e[0m \e[38;5;244m·\e[0m \e[38;5;179mPCLMUL\e[0m \e[38;5;244m·\e[0m \e[38;5;179mVAES\e[0m \e[38;5;244m·\e[0m \e[38;5;179mVPCLMUL\e[0m \e[38;5;244m·\e[0m \e[38;5;179mSHA-NI\e[0m \e[38;5;244m·\e[0m \e[38;5;179mRDRAND\e[0m \e[38;5;244m·\e[0m \e[38;5;179mRDSEED\e[0m \e[38;5;244m│\e[0m
\e[38;5;244m│\e[0m \e[38;5;37mVirtualization\e[0m  \e[38;5;141mVT-x\e[0m                                                     \e[38;5;244m│\e[0m
\e[38;5;244m│\e[0m \e[38;5;37mSecurity\e[0m        \e[38;5;168mIBT\e[0m \e[38;5;244m·\e[0m \e[38;5;168mCET-SS\e[0m \e[38;5;244m·\e[0m \e[38;5;168mSMEP\e[0m \e[38;5;244m·\e[0m \e[38;5;168mSMAP\e[0m                               \e[38;5;244m│\e[0m
\e[38;5;244m╰──────────────────────────────────────────────────────────────────────────╯\e[0m
