---
source: tests/snapshots.rs
expression: text
---
\e[38;5;244m╭\e[0m \e[1mIdentity\e[0m \e[38;5;244m────────────────────────────────────────────────────────╮\e[0m
\e[38;5;244m│\e[0m \e[38;5;30mName\e[0m          \e[1m\e[38;5;238mApple M5\e[0m                                           \e[38;5;244m│\e[0m
\e[38;5;244m│\e[0m \e[38;5;30mVendor\e[0m        Apple                                              \e[38;5;244m│\e[0m
\e[38;5;244m│\e[0m \e[38;5;30mArchitecture\e[0m  arm64                                              \e[38;5;244m│\e[0m
\e[38;5;244m╰──────────────────────────────────────────────────────────────────╯\e[0m
\e[38;5;244m╭\e[0m \e[1mTopology\e[0m \e[38;5;244m────────────────────────────────────────────────────────╮\e[0m
\e[38;5;244m│\e[0m \e[38;5;30mCores\e[0m     \e[1m10\e[0m physical \e[38;5;245m·\e[0m \e[1m10\e[0m logical \e[38;5;245m·\e[0m no SMT                      \e[38;5;244m│\e[0m
\e[38;5;244m│\e[0m \e[38;5;30mClusters\e[0m  \e[1m4\e[0m \e[38;5;245m×\e[0m \e[1m\e[38;5;166mSuper\e[0m \e[38;5;245m·\e[0m \e[1m6\e[0m \e[38;5;245m×\e[0m \e[1m\e[38;5;28mEfficiency\e[0m                             \e[38;5;244m│\e[0m
\e[38;5;244m╰──────────────────────────────────────────────────────────────────╯\e[0m
\e[38;5;244m╭\e[0m \e[1mClocks\e[0m \e[38;5;244m─┬──────────┬─────────────────────────────────────────────╮\e[0m
\e[38;5;244m│\e[0m         \e[38;5;244m│\e[0m \e[1m\e[38;5;166mSuper\e[0m    \e[38;5;244m│\e[0m \e[1m\e[38;5;28mEfficiency\e[0m                                  \e[38;5;244m│\e[0m
\e[38;5;244m├─────────┼──────────┼─────────────────────────────────────────────┤\e[0m
\e[38;5;244m│\e[0m \e[38;5;30mMax\e[0m     \e[38;5;244m│\e[0m \e[1m4.46\e[0m \e[38;5;243mGHz\e[0m \e[38;5;244m│\e[0m \e[1m3.05\e[0m \e[38;5;243mGHz\e[0m                                    \e[38;5;244m│\e[0m
\e[38;5;244m╰─────────┴──────────┴─────────────────────────────────────────────╯\e[0m
\e[38;5;244m╭\e[0m \e[1mCache\e[0m \e[38;5;244m─┬──────────────────┬──────────────────────────────────────╮\e[0m
\e[38;5;244m│\e[0m \e[38;5;30mLevel\e[0m  \e[38;5;244m│\e[0m \e[1m\e[38;5;166mSuper\e[0m            \e[38;5;244m│\e[0m \e[1m\e[38;5;28mEfficiency\e[0m                           \e[38;5;244m│\e[0m
\e[38;5;244m├────────┼──────────────────┼──────────────────────────────────────┤\e[0m
\e[38;5;244m│\e[0m \e[1m\e[38;5;30mL1i\e[0m    \e[38;5;244m│\e[0m \e[1m192\e[0m \e[38;5;243mKiB\e[0m \e[38;5;245m/\e[0m core   \e[38;5;244m│\e[0m \e[1m128\e[0m \e[38;5;243mKiB\e[0m \e[38;5;245m/\e[0m core                       \e[38;5;244m│\e[0m
\e[38;5;244m│\e[0m \e[1m\e[38;5;30mL1d\e[0m    \e[38;5;244m│\e[0m \e[1m128\e[0m \e[38;5;243mKiB\e[0m \e[38;5;245m/\e[0m core   \e[38;5;244m│\e[0m \e[1m64\e[0m \e[38;5;243mKiB\e[0m \e[38;5;245m/\e[0m core                        \e[38;5;244m│\e[0m
\e[38;5;244m│\e[0m \e[1m\e[38;5;25mL2\e[0m     \e[38;5;244m│\e[0m \e[1m16\e[0m \e[38;5;243mMiB\e[0m \e[38;5;245m/\e[0m \e[1m4\e[0m cores \e[38;5;244m│\e[0m \e[1m6\e[0m \e[38;5;243mMiB\e[0m \e[38;5;245m/\e[0m \e[1m6\e[0m cores                      \e[38;5;244m│\e[0m
\e[38;5;244m╰────────┴──────────────────┴──────────────────────────────────────╯\e[0m
\e[38;5;244m╭\e[0m \e[1mFeatures\e[0m \e[38;5;244m────────────────────────────────────────────────────────╮\e[0m
\e[38;5;244m│\e[0m \e[38;5;30mSIMD\e[0m      \e[38;5;25mNEON\e[0m \e[38;5;245m·\e[0m \e[38;5;25mFP16\e[0m \e[38;5;245m·\e[0m \e[38;5;25mBF16\e[0m \e[38;5;245m·\e[0m \e[38;5;25mI8MM\e[0m \e[38;5;245m·\e[0m \e[38;5;25mDotProd\e[0m \e[38;5;245m·\e[0m \e[38;5;25mFHM\e[0m \e[38;5;245m·\e[0m \e[38;5;25mSME\e[0m \e[38;5;245m·\e[0m \e[38;5;25mSME2\e[0m \e[38;5;244m│\e[0m
\e[38;5;244m│\e[0m           \e[38;5;25mSME2.1\e[0m                                                 \e[38;5;244m│\e[0m
\e[38;5;244m│\e[0m \e[38;5;30mCrypto\e[0m    \e[38;5;136mAES\e[0m \e[38;5;245m·\e[0m \e[38;5;136mPMULL\e[0m \e[38;5;245m·\e[0m \e[38;5;136mSHA1\e[0m \e[38;5;245m·\e[0m \e[38;5;136mSHA256\e[0m \e[38;5;245m·\e[0m \e[38;5;136mSHA512\e[0m \e[38;5;245m·\e[0m \e[38;5;136mSHA3\e[0m \e[38;5;245m·\e[0m \e[38;5;136mCRC32\e[0m    \e[38;5;244m│\e[0m
\e[38;5;244m│\e[0m \e[38;5;30mSecurity\e[0m  \e[38;5;161mPAC\e[0m \e[38;5;245m·\e[0m \e[38;5;161mBTI\e[0m \e[38;5;245m·\e[0m \e[38;5;161mMTE\e[0m \e[38;5;245m·\e[0m \e[38;5;161mDIT\e[0m \e[38;5;245m·\e[0m \e[38;5;161mSB\e[0m \e[38;5;245m·\e[0m \e[38;5;161mCSV2\e[0m \e[38;5;245m·\e[0m \e[38;5;161mCSV3\e[0m               \e[38;5;244m│\e[0m
\e[38;5;244m│\e[0m \e[38;5;30mOther\e[0m     \e[38;5;242mLSE\e[0m \e[38;5;245m·\e[0m \e[38;5;242mLSE2\e[0m                                             \e[38;5;244m│\e[0m
\e[38;5;244m╰──────────────────────────────────────────────────────────────────╯\e[0m
