---
source: tests/snapshots.rs
expression: text
---
\e[38;5;244m╭\e[0m \e[1mIdentity\e[0m \e[38;5;244m────────────────────────────────────────────────────────────────╮\e[0m
\e[38;5;244m│\e[0m \e[38;5;30mName\e[0m          \e[1m\e[38;5;25m12th Gen Intel(R) Core(TM) i7-12700K\e[0m                       \e[38;5;244m│\e[0m
\e[38;5;244m│\e[0m \e[38;5;30mVendor\e[0m        Intel                                                      \e[38;5;244m│\e[0m
\e[38;5;244m│\e[0m \e[38;5;30mArchitecture\e[0m  x86_64                                                     \e[38;5;244m│\e[0m
\e[38;5;244m│\e[0m \e[38;5;30mMicrocode\e[0m     0x2f                                                       \e[38;5;244m│\e[0m
\e[38;5;244m╰──────────────────────────────────────────────────────────────────────────╯\e[0m
\e[38;5;244m╭\e[0m \e[1mTopology\e[0m \e[38;5;244m────────────────────────────────────────────────────────────────╮\e[0m
\e[38;5;244m│\e[0m \e[38;5;30mCores\e[0m     \e[1m12\e[0m physical \e[38;5;245m·\e[0m \e[1m20\e[0m logical                                       \e[38;5;244m│\e[0m
\e[38;5;244m│\e[0m \e[38;5;30mClusters\e[0m  \e[1m8\e[0m \e[38;5;245m×\e[0m \e[1m\e[38;5;166mPerformance\e[0m \e[38;5;245m·\e[0m \e[1m4\e[0m \e[38;5;245m×\e[0m \e[1m\e[38;5;28mEfficiency\e[0m                               \e[38;5;244m│\e[0m
\e[38;5;244m╰──────────────────────────────────────────────────────────────────────────╯\e[0m
\e[38;5;244m╭\e[0m \e[1mClocks\e[0m \e[38;5;244m─┬─────────────┬──────────────────────────────────────────────────╮\e[0m
\e[38;5;244m│\e[0m         \e[38;5;244m│\e[0m \e[1m\e[38;5;166mPerformance\e[0m \e[38;5;244m│\e[0m \e[1m\e[38;5;28mEfficiency\e[0m                                       \e[38;5;244m│\e[0m
\e[38;5;244m├─────────┼─────────────┼──────────────────────────────────────────────────┤\e[0m
\e[38;5;244m│\e[0m \e[38;5;30mBase\e[0m    \e[38;5;244m│\e[0m \e[1m3.60\e[0m \e[38;5;243mGHz\e[0m    \e[38;5;244m│\e[0m \e[1m2.70\e[0m \e[38;5;243mGHz\e[0m                                         \e[38;5;244m│\e[0m
\e[38;5;244m│\e[0m \e[38;5;30mMax\e[0m     \e[38;5;244m│\e[0m \e[1m5.00\e[0m \e[38;5;243mGHz\e[0m    \e[38;5;244m│\e[0m \e[1m3.80\e[0m \e[38;5;243mGHz\e[0m                                         \e[38;5;244m│\e[0m
\e[38;5;244m╰─────────┴─────────────┴──────────────────────────────────────────────────╯\e[0m
\e[38;5;244m╭\e[0m \e[1mCache\e[0m \e[38;5;244m─┬─────────────────┬───────────────────────────────────────────────╮\e[0m
\e[38;5;244m│\e[0m \e[38;5;30mLevel\e[0m  \e[38;5;244m│\e[0m \e[1m\e[38;5;166mPerformance\e[0m     \e[38;5;244m│\e[0m \e[1m\e[38;5;28mEfficiency\e[0m                                    \e[38;5;244m│\e[0m
\e[38;5;244m├────────┼─────────────────┼───────────────────────────────────────────────┤\e[0m
\e[38;5;244m│\e[0m \e[1m\e[38;5;30mL1i\e[0m    \e[38;5;244m│\e[0m \e[1m32\e[0m \e[38;5;243mKiB\e[0m \e[38;5;245m/\e[0m core   \e[38;5;244m│\e[0m \e[1m64\e[0m \e[38;5;243mKiB\e[0m \e[38;5;245m/\e[0m core                                 \e[38;5;244m│\e[0m
\e[38;5;244m│\e[0m \e[1m\e[38;5;30mL1d\e[0m    \e[38;5;244m│\e[0m \e[1m48\e[0m \e[38;5;243mKiB\e[0m \e[38;5;245m/\e[0m core   \e[38;5;244m│\e[0m \e[1m32\e[0m \e[38;5;243mKiB\e[0m \e[38;5;245m/\e[0m core                                 \e[38;5;244m│\e[0m
\e[38;5;244m│\e[0m \e[1m\e[38;5;25mL2\e[0m     \e[38;5;244m│\e[0m \e[1m1280\e[0m \e[38;5;243mKiB\e[0m \e[38;5;245m/\e[0m core \e[38;5;244m│\e[0m \e[1m2\e[0m \e[38;5;243mMiB\e[0m \e[38;5;245m/\e[0m \e[1m4\e[0m cores                               \e[38;5;244m│\e[0m
\e[38;5;244m│\e[0m \e[1m\e[38;5;18mL3\e[0m     \e[38;5;244m│\e[0m \e[1m25\e[0m \e[38;5;243mMiB\e[0m shared by all \e[1m12\e[0m cores                                   \e[38;5;244m│\e[0m
\e[38;5;244m╰────────┴─────────────────┴───────────────────────────────────────────────╯\e[0m
\e[38;5;244m╭\e[0m \e[1mFeatures\e[0m \e[38;5;244m────────────────────────────────────────────────────────────────╮\e[0m
\e[38;5;244m│\e[0m \e[38;5;30mSIMD\e[0m            \e[38;5;25mSSE4.2\e[0m \e[38;5;245m·\e[0m \e[38;5;25mAVX\e[0m \e[38;5;245m·\e[0m \e[38;5;25mAVX2\e[0m \e[38;5;245m·\e[0m \e[38;5;25mFMA\e[0m \e[38;5;245m·\e[0m \e[38;5;25mAVX-VNNI\e[0m                     \e[38;5;244m│\e[0m
\e[38;5;244m│\e[0m \e[38;5;30mCrypto\e[0m          \e[38;5;136mAES\e[0m \e[38;5;245m·\e[0m \e[38;5;136mPCLMUL\e[0m \e[38;5;245m·\e[0m \e[38;5;136mVAES\e[0m \e[38;5;245m·\e[0m \e[38;5;136mVPCLMUL\e[0m \e[38;5;245m·\e[0m \e[38;5;136mSHA-NI\e[0m \e[38;5;245m·\e[0m \e[38;5;136mRDRAND\e[0m \e[38;5;245m·\e[0m \e[38;5;136mRDSEED\e[0m \e[38;5;244m│\e[0m
\e[38;5;244m│\e[0m \e[38;5;30mVirtualization\e[0m  \e[38;5;91mVT-x\e[0m                                                     \e[38;5;244m│\e[0m
\e[38;5;244m│\e[0m \e[38;5;30mSecurity\e[0m        \e[38;5;161mIBT\e[0m \e[38;5;245m·\e[0m \e[38;5;161mCET-SS\e[0m \e[38;5;245m·\e[0m \e[38;5;161mSMEP\e[0m \e[38;5;245m·\e[0m \e[38;5;161mSMAP\e[0m                               \e[38;5;244m│\e[0m
\e[38;5;244m╰──────────────────────────────────────────────────────────────────────────╯\e[0m
